<?php
require_once('/opt/lampp/htdocs/portal/Utphpcore/Commands/Clear.Class.php');
require_once('/opt/lampp/htdocs/portal/Utphpcore/Commands/Map.Class.php');
require_once('/opt/lampp/htdocs/portal/Utphpcore/Commands/Readme.Class.php');
require_once('/opt/lampp/htdocs/portal/Utphpcore/Core.Class.php');
require_once('/opt/lampp/htdocs/portal/Utphpcore/Core/AuthenticationToken.Class.php');
require_once('/opt/lampp/htdocs/portal/Utphpcore/Core/Modalresult.Class.php');
require_once('/opt/lampp/htdocs/portal/Utphpcore/Data/AssetManager.Class.php');
require_once('/opt/lampp/htdocs/portal/Utphpcore/Data/Cache.Class.php');
require_once('/opt/lampp/htdocs/portal/Utphpcore/Data/Collections/Enum/TInfo.Trait.php');
require_once('/opt/lampp/htdocs/portal/Utphpcore/Data/Collections/IDictionary.Interface.php');
require_once('/opt/lampp/htdocs/portal/Utphpcore/Data/Collections/ILinq.Interface.php');
require_once('/opt/lampp/htdocs/portal/Utphpcore/Data/Collections/Linq.Class.php'); /* requires: /opt/lampp/htdocs/portal/Utphpcore/Data/Collections/ILinq.Interface.php */
require_once('/opt/lampp/htdocs/portal/Utphpcore/Data/Collections/SortDirections.Enum.php'); /* requires: /opt/lampp/htdocs/portal/Utphpcore/Data/Collections/Enum/TInfo.Trait.php */
require_once('/opt/lampp/htdocs/portal/Utphpcore/Data/Configuration.Class.php');
require_once('/opt/lampp/htdocs/portal/Utphpcore/Data/Exceptions/IOException.Class.php');
require_once('/opt/lampp/htdocs/portal/Utphpcore/Data/Exceptions/NotImplementedException.Class.php');
require_once('/opt/lampp/htdocs/portal/Utphpcore/Data/Exceptions/UnexpectedValueException.Class.php');
require_once('/opt/lampp/htdocs/portal/Utphpcore/Data/Raw.Class.php');
require_once('/opt/lampp/htdocs/portal/Utphpcore/Data/Route.Class.php');
require_once('/opt/lampp/htdocs/portal/Utphpcore/Data/Router.Class.php');
require_once('/opt/lampp/htdocs/portal/Utphpcore/Data/RoutingModes.Enum.php'); /* requires: /opt/lampp/htdocs/portal/Utphpcore/Data/Collections/Enum/TInfo.Trait.php */
require_once('/opt/lampp/htdocs/portal/Utphpcore/Data/Stack.Class.php');
require_once('/opt/lampp/htdocs/portal/Utphpcore/Data/Version.Class.php');
require_once('/opt/lampp/htdocs/portal/Utphpcore/Debugging.Class.php');
require_once('/opt/lampp/htdocs/portal/Utphpcore/GUI/NoHtml/Attributes.Class.php');
require_once('/opt/lampp/htdocs/portal/Utphpcore/GUI/NoHtml/Clearmodes.Enum.php'); /* requires: /opt/lampp/htdocs/portal/Utphpcore/Data/Collections/Enum/TInfo.Trait.php */
require_once('/opt/lampp/htdocs/portal/Utphpcore/GUI/NoHtml/FontAwesome/Icon.Class.php');
require_once('/opt/lampp/htdocs/portal/Utphpcore/GUI/NoHtml/IXhtml.Interface.php');
require_once('/opt/lampp/htdocs/portal/Utphpcore/GUI/NoHtml/Materialize/Card.Class.php');
require_once('/opt/lampp/htdocs/portal/Utphpcore/GUI/NoHtml/Materialize/Color.Class.php');
require_once('/opt/lampp/htdocs/portal/Utphpcore/GUI/NoHtml/Materialize/ColorOffsets.Enum.php'); /* requires: /opt/lampp/htdocs/portal/Utphpcore/Data/Collections/Enum/TInfo.Trait.php */
require_once('/opt/lampp/htdocs/portal/Utphpcore/GUI/NoHtml/Materialize/Colors.Enum.php'); /* requires: /opt/lampp/htdocs/portal/Utphpcore/Data/Collections/Enum/TInfo.Trait.php */
require_once('/opt/lampp/htdocs/portal/Utphpcore/GUI/NoHtml/Materialize/Columns.Enum.php'); /* requires: /opt/lampp/htdocs/portal/Utphpcore/Data/Collections/Enum/TInfo.Trait.php */
require_once('/opt/lampp/htdocs/portal/Utphpcore/GUI/NoHtml/Materialize/FloatingActionButton.Class.php');
require_once('/opt/lampp/htdocs/portal/Utphpcore/GUI/NoHtml/Materialize/Form.Class.php');
require_once('/opt/lampp/htdocs/portal/Utphpcore/GUI/NoHtml/Materialize/Form/InputTypes.Enum.php'); /* requires: /opt/lampp/htdocs/portal/Utphpcore/Data/Collections/Enum/TInfo.Trait.php */
require_once('/opt/lampp/htdocs/portal/Utphpcore/GUI/NoHtml/Materialize/Form/Methods.Enum.php'); /* requires: /opt/lampp/htdocs/portal/Utphpcore/Data/Collections/Enum/TInfo.Trait.php */
require_once('/opt/lampp/htdocs/portal/Utphpcore/GUI/NoHtml/Materialize/Form/Options.Class.php');
require_once('/opt/lampp/htdocs/portal/Utphpcore/GUI/NoHtml/Materialize/Form/SelectOptions.Class.php');
require_once('/opt/lampp/htdocs/portal/Utphpcore/GUI/NoHtml/Materialize/Icon.Class.php');
require_once('/opt/lampp/htdocs/portal/Utphpcore/GUI/NoHtml/Materialize/Icon/Alignment.Enum.php'); /* requires: /opt/lampp/htdocs/portal/Utphpcore/Data/Collections/Enum/TInfo.Trait.php */
require_once('/opt/lampp/htdocs/portal/Utphpcore/GUI/NoHtml/Materialize/Icon/Icons.Enum.php');
require_once('/opt/lampp/htdocs/portal/Utphpcore/GUI/NoHtml/Materialize/Icon/Sizes.Enum.php'); /* requires: /opt/lampp/htdocs/portal/Utphpcore/Data/Collections/Enum/TInfo.Trait.php */
require_once('/opt/lampp/htdocs/portal/Utphpcore/GUI/NoHtml/Materialize/Submenu.Class.php');
require_once('/opt/lampp/htdocs/portal/Utphpcore/GUI/NoHtml/Materialize/Tooltip.Class.php');
require_once('/opt/lampp/htdocs/portal/Utphpcore/GUI/NoHtml/Materialize/Tooltip/Positions.Enum.php'); /* requires: /opt/lampp/htdocs/portal/Utphpcore/Data/Collections/Enum/TInfo.Trait.php */
require_once('/opt/lampp/htdocs/portal/Utphpcore/GUI/NoHtml/Xhtml.Class.php'); /* requires: /opt/lampp/htdocs/portal/Utphpcore/GUI/NoHtml/IXhtml.Interface.php */
require_once('/opt/lampp/htdocs/portal/Utphpcore/GUI/ToDo.Class.php');
require_once('/opt/lampp/htdocs/portal/Utphpcore/IO/Data/Db/Database.Class.php'); /* requires: /opt/lampp/htdocs/portal/Utphpcore/Data/Raw.Class.php */
require_once('/opt/lampp/htdocs/portal/Utphpcore/IO/IDiskManager.Interface.php');
require_once('/opt/lampp/htdocs/portal/Utphpcore/IO/IFile.Interface.php'); /* requires: /opt/lampp/htdocs/portal/Utphpcore/IO/IDiskManager.Interface.php */
require_once('/opt/lampp/htdocs/portal/Utphpcore/IO/Xml/IXmlDoctype.Interface.php');
require_once('/opt/lampp/htdocs/portal/Utphpcore/IO/Xml/IXmlElement.Interface.php');
require_once('/opt/lampp/htdocs/portal/Utphpcore/Source/Analyzers/PhpAnalyzer.Class.php');
require_once('/opt/lampp/htdocs/portal/Utphpcore/Source/Analyzers/PhpAnalyzer/TBasics.Trait.php');
require_once('/opt/lampp/htdocs/portal/Utphpcore/Source/Analyzers/PhpAnalyzer/Tokens.Class.php');
require_once('/opt/lampp/htdocs/portal/Utphpcore/Source/Analyzers/PhpAnalyzer/TraitAnalyzer.Class.php'); /* requires: /opt/lampp/htdocs/portal/Utphpcore/Source/Analyzers/PhpAnalyzer/TBasics.Trait.php */
require_once('/opt/lampp/htdocs/portal/Utphpcore/Core/Messages.Class.php'); /* requires: /opt/lampp/htdocs/portal/Utphpcore/Data/Stack.Class.php */
require_once('/opt/lampp/htdocs/portal/Utphpcore/Data/AssetTypes.Enum.php'); /* requires: /opt/lampp/htdocs/portal/Utphpcore/Data/Collections/Enum/TInfo.Trait.php */
require_once('/opt/lampp/htdocs/portal/Utphpcore/Data/CacheTypes.Enum.php'); /* requires: /opt/lampp/htdocs/portal/Utphpcore/Data/Collections/Enum/TInfo.Trait.php */
require_once('/opt/lampp/htdocs/portal/Utphpcore/Data/Collections/Dictionary.Class.php'); /* requires: /opt/lampp/htdocs/portal/Utphpcore/Data/Collections/IDictionary.Interface.php */
require_once('/opt/lampp/htdocs/portal/Utphpcore/Data/Collections/KeyValuePair.Class.php'); /* requires: /opt/lampp/htdocs/portal/Utphpcore/Data/Collections/Dictionary.Class.php */
require_once('/opt/lampp/htdocs/portal/Utphpcore/GUI/NoHtml/Materialize/Navigation.Class.php'); /* requires: /opt/lampp/htdocs/portal/Utphpcore/GUI/NoHtml/Materialize/Submenu.Class.php */
require_once('/opt/lampp/htdocs/portal/Utphpcore/IO/Common/IDtdFile.Interface.php'); /* requires: /opt/lampp/htdocs/portal/Utphpcore/IO/IFile.Interface.php */
require_once('/opt/lampp/htdocs/portal/Utphpcore/IO/Common/IIniFile.Interface.php'); /* requires: /opt/lampp/htdocs/portal/Utphpcore/IO/IFile.Interface.php */
require_once('/opt/lampp/htdocs/portal/Utphpcore/IO/Common/IXmlFile.Interface.php'); /* requires: /opt/lampp/htdocs/portal/Utphpcore/IO/IFile.Interface.php */
require_once('/opt/lampp/htdocs/portal/Utphpcore/IO/File.Class.php'); /* requires: /opt/lampp/htdocs/portal/Utphpcore/IO/IFile.Interface.php */
require_once('/opt/lampp/htdocs/portal/Utphpcore/IO/IDirectory.Interface.php'); /* requires: /opt/lampp/htdocs/portal/Utphpcore/IO/IDiskManager.Interface.php */
require_once('/opt/lampp/htdocs/portal/Utphpcore/IO/Xml/Doctype.Class.php'); /* requires: /opt/lampp/htdocs/portal/Utphpcore/IO/Xml/IXmlDoctype.Interface.php */
require_once('/opt/lampp/htdocs/portal/Utphpcore/IO/Xml/Element.Class.php'); /* requires: /opt/lampp/htdocs/portal/Utphpcore/IO/Xml/IXmlElement.Interface.php */
require_once('/opt/lampp/htdocs/portal/Utphpcore/IO/Xml/IXmlDocument.Interface.php'); /* requires: /opt/lampp/htdocs/portal/Utphpcore/IO/Xml/IXmlElement.Interface.php */
require_once('/opt/lampp/htdocs/portal/Utphpcore/Source/Analyzers/PhpAnalyzer/ClassAnalyzer.Class.php'); /* requires: /opt/lampp/htdocs/portal/Utphpcore/Source/Analyzers/PhpAnalyzer/TBasics.Trait.php */
require_once('/opt/lampp/htdocs/portal/Utphpcore/Source/Analyzers/PhpAnalyzer/EnumAnalyzer.Class.php'); /* requires: /opt/lampp/htdocs/portal/Utphpcore/Source/Analyzers/PhpAnalyzer/TBasics.Trait.php */
require_once('/opt/lampp/htdocs/portal/Utphpcore/Source/Analyzers/PhpAnalyzer/FunctionAnalyzer.Class.php'); /* requires: /opt/lampp/htdocs/portal/Utphpcore/Source/Analyzers/PhpAnalyzer/TBasics.Trait.php */
require_once('/opt/lampp/htdocs/portal/Utphpcore/Source/Analyzers/PhpAnalyzer/InterfaceAnalyzer.Class.php'); /* requires: /opt/lampp/htdocs/portal/Utphpcore/Source/Analyzers/PhpAnalyzer/TBasics.Trait.php */
require_once('/opt/lampp/htdocs/portal/Utphpcore/IO/Common/Dtd.Class.php'); /* requires: /opt/lampp/htdocs/portal/Utphpcore/IO/File.Class.php & /opt/lampp/htdocs/portal/Utphpcore/IO/Common/IDtdFile.Interface.php */
require_once('/opt/lampp/htdocs/portal/Utphpcore/IO/Common/Ini.Class.php'); /* requires: /opt/lampp/htdocs/portal/Utphpcore/IO/File.Class.php & /opt/lampp/htdocs/portal/Utphpcore/IO/Common/IIniFile.Interface.php */
require_once('/opt/lampp/htdocs/portal/Utphpcore/IO/Common/Xml.Class.php'); /* requires: /opt/lampp/htdocs/portal/Utphpcore/IO/File.Class.php & /opt/lampp/htdocs/portal/Utphpcore/IO/Common/IXmlFile.Interface.php */
require_once('/opt/lampp/htdocs/portal/Utphpcore/IO/Directory.Class.php'); /* requires: /opt/lampp/htdocs/portal/Utphpcore/IO/IDirectory.Interface.php */
require_once('/opt/lampp/htdocs/portal/Utphpcore/IO/Xml/Document.Class.php'); /* requires: /opt/lampp/htdocs/portal/Utphpcore/IO/Xml/Element.Class.php & /opt/lampp/htdocs/portal/Utphpcore/IO/Xml/IXmlDocument.Interface.php */
?>
